[undangandigimo.com/katalog-tema-z/index.html]
[backblue.gif]
[fade.gif]
[index.html]
[undangandigimo.com/wp-includes/css/dist/block-library/style.min74e5.css]
[undangandigimo.com/wp-content/uploads/useanyfont/uaf5efb.css]
[undangandigimo.com/wp-content/plugins/weddingpress/addons/comment-kit/css/wdp_styled537.css]
[undangandigimo.com/wp-content/plugins/weddingpress/assets/css/wdp-centered-timeline.min74e5.css]
[undangandigimo.com/wp-content/plugins/weddingpress/assets/css/wdp-horizontal-styles.min74e5.css]
[undangandigimo.com/wp-content/plugins/weddingpress/assets/css/wdp-fontello74e5.css]
[undangandigimo.com/wp-content/plugins/weddingpress/assets/css/exad-styles.min74e5.css]
[undangandigimo.com/wp-content/themes/hello-elementor/style.min254d.css]
[undangandigimo.com/wp-content/themes/hello-elementor/theme.min254d.css]
[undangandigimo.com/wp-content/plugins/elementor/assets/lib/eicons/css/elementor-icons.min7816.css]
[undangandigimo.com/wp-content/plugins/elementor/assets/css/frontend.min1ed5.css]
[undangandigimo.com/wp-content/uploads/elementor/css/post-565191fe2.css]
[undangandigimo.com/wp-content/plugins/powerpack-elements/assets/css/min/frontend.minc0b8.css]
[undangandigimo.com/wp-content/plugins/weddingpress/assets/css/wdp292d.css]
[undangandigimo.com/wp-content/plugins/dynamic-content-for-elementor/assets/css/style.min333a.css]
[undangandigimo.com/wp-includes/css/dashicons.min74e5.css]
[undangandigimo.com/wp-content/plugins/elementor-pro/assets/css/frontend.minf43b.css]
[undangandigimo.com/wp-content/plugins/jet-tabs/assets/css/jet-tabs-frontendb0a8.css]
[undangandigimo.com/wp-content/uploads/elementor/css/post-567946a1e.css]
[undangandigimo.com/wp-content/plugins/elementor/assets/lib/font-awesome/css/fontawesome.min52d5.css]
[undangandigimo.com/wp-content/plugins/elementor/assets/lib/font-awesome/css/regular.min52d5.css]
[undangandigimo.com/wp-content/plugins/elementor/assets/lib/font-awesome/css/solid.min52d5.css]
[undangandigimo.com/wp-content/plugins/elementor/assets/lib/font-awesome/css/brands.min52d5.css]
[undangandigimo.com/wp-includes/js/jquery/jquery.minaf6c.js]
[undangandigimo.com/wp-includes/js/jquery/jquery-migrate.mind617.js]
[undangandigimo.com/wp-content/uploads/2021/08/cropped-Presentation1-32x32.jpg]
[undangandigimo.com/wp-content/uploads/2021/08/cropped-Presentation1-192x192.jpg]
[undangandigimo.com/wp-content/uploads/2021/08/cropped-Presentation1-180x180.jpg]
[undangandigimo.com/wp-content/uploads/2021/08/Picture18-min-768x662.png]
[undangandigimo.com/wp-content/uploads/2021/08/1-min-4-1.png]
[undangandigimo.com/wp-content/uploads/2021/08/2-min-3-1.png]
[undangandigimo.com/wp-content/uploads/2021/08/Picture1-min-2.jpg]
[undangandigimo.com/wp-content/uploads/2021/08/Picture7-min-1.jpg]
[undangandigimo.com/wp-content/uploads/2021/08/Picture6-min-1.jpg]
[undangandigimo.com/wp-content/uploads/2021/06/LOGO-MANDIRI.png]
[undangandigimo.com/wp-content/uploads/2021/08/2-4.png]
[undangandigimo.com/wp-content/uploads/2021/08/1-5.png]
[undangandigimo.com/wp-content/uploads/2021/08/4-4.png]
[undangandigimo.com/wp-content/uploads/2021/08/Picture1-min-2.png]
[undangandigimo.com/katalog-tema-z/indexa995.html]
[undangandigimo.com/wp-content/uploads/2021/08/1-2.png]
[undangandigimo.com/wp-content/uploads/2021/08/2-2.png]
[undangandigimo.com/wp-content/uploads/2021/08/4-2.png]
[undangandigimo.com/wp-content/uploads/2021/08/3-2.png]
[undangandigimo.com/wp-content/uploads/2021/08/5-2.png]
[undangandigimo.com/wp-content/plugins/elementor/assets/lib/animations/animations.min1ed5.css]
[undangandigimo.com/wp-content/plugins/weddingpress/addons/comment-kit/js/wdp_scriptd537.js]
[undangandigimo.com/wp-content/plugins/weddingpress/addons/comment-kit/js/libs/jquery.jPages.minac14.js]
[undangandigimo.com/wp-content/plugins/weddingpress/addons/comment-kit/js/libs/jquery.textareaCounterd5f7.js]
[undangandigimo.com/wp-content/plugins/weddingpress/addons/comment-kit/js/libs/jquery.placeholder.min5d0a.js]
[undangandigimo.com/wp-content/plugins/weddingpress/addons/comment-kit/js/libs/autosize.mind50e.js]
[undangandigimo.com/wp-content/plugins/weddingpress/assets/js/wdp-swiper.min.js]
[undangandigimo.com/wp-content/plugins/weddingpress/assets/js/qr-code.js]
[undangandigimo.com/wp-content/plugins/weddingpress/assets/js/wdp-horizontal.js]
[undangandigimo.com/wp-content/plugins/weddingpress/assets/js/exad-scripts.min292d.js]
[undangandigimo.com/wp-includes/js/imagesloaded.mineda1.js]
[undangandigimo.com/wp-content/plugins/weddingpress/assets/js/wdp-wp.min292d.js]
[undangandigimo.com/wp-content/plugins/elementor-pro/assets/js/webpack-pro.runtime.minf43b.js]
[undangandigimo.com/wp-content/plugins/elementor/assets/js/webpack.runtime.min1ed5.js]
[undangandigimo.com/wp-content/plugins/elementor/assets/js/frontend-modules.min1ed5.js]
[undangandigimo.com/wp-includes/js/dist/vendor/regenerator-runtime.min3937.js]
[undangandigimo.com/wp-includes/js/dist/vendor/wp-polyfill.min2c7c.js]
[undangandigimo.com/wp-includes/js/dist/hooks.min8cbb.js]
[undangandigimo.com/wp-includes/js/dist/i18n.mina28b.js]
[undangandigimo.com/wp-content/plugins/elementor-pro/assets/js/frontend.minf43b.js]
[undangandigimo.com/wp-content/plugins/elementor/assets/lib/waypoints/waypoints.min05da.js]
[undangandigimo.com/wp-includes/js/jquery/ui/core.min0028.js]
[undangandigimo.com/wp-content/plugins/elementor/assets/lib/swiper/swiper.min48f5.js]
[undangandigimo.com/wp-content/plugins/elementor/assets/lib/share-link/share-link.min1ed5.js]
[undangandigimo.com/wp-content/plugins/elementor/assets/lib/dialog/dialog.mind227.js]
[undangandigimo.com/wp-content/plugins/elementor/assets/js/frontend.min1ed5.js]
[undangandigimo.com/wp-content/plugins/elementor-pro/assets/js/preloaded-elements-handlers.minf43b.js]
[undangandigimo.com/wp-content/plugins/jet-tabs/assets/js/jet-tabs-frontend.minb0a8.js]
[undangandigimo.com/wp-content/plugins/elementor/assets/js/preloaded-modules.min1ed5.js]
[undangandigimo.com/wp-content/plugins/elementor-pro/assets/lib/sticky/jquery.sticky.minf43b.js]
[undangandigimo.com/wp-content/plugins/weddingpress/assets/js/wdp.min292d.js]
[undangandigimo.com/wp-content/plugins/dynamic-content-for-elementor/assets/js/settings.min333a.js]
[undangandigimo.com/wp-content/plugins/powerpack-elements/assets/js/pp-bg-effects8a54.js]
[undangandigimo.com/katalog-tema-z/index.html]
[undangandigimo.com/wp-includes/css/dist/block-library/style.min74e5.css]
[undangandigimo.com/wp-content/uploads/useanyfont/6609trajanpro.woff2]
[undangandigimo.com/wp-content/uploads/useanyfont/6609trajanpro.woff]
[undangandigimo.com/wp-content/uploads/useanyfont/7148amelya.woff2]
[undangandigimo.com/wp-content/uploads/useanyfont/7148amelya.woff]
[undangandigimo.com/wp-content/uploads/useanyfont/3387pinyon.woff2]
[undangandigimo.com/wp-content/uploads/useanyfont/3387pinyon.woff]
[undangandigimo.com/wp-content/uploads/useanyfont/6309better-grade.woff2]
[undangandigimo.com/wp-content/uploads/useanyfont/6309better-grade.woff]
[undangandigimo.com/wp-content/uploads/useanyfont/9816betternia.woff2]
[undangandigimo.com/wp-content/uploads/useanyfont/9816betternia.woff]
[undangandigimo.com/wp-content/uploads/useanyfont/497brittanysignatur.woff2]
[undangandigimo.com/wp-content/uploads/useanyfont/497brittanysignatur.woff]
[undangandigimo.com/wp-content/uploads/useanyfont/8523monsterat.woff2]
[undangandigimo.com/wp-content/uploads/useanyfont/8523monsterat.woff]
[undangandigimo.com/wp-content/uploads/useanyfont/5369Andrea-Bellarosa.woff2]
[undangandigimo.com/wp-content/uploads/useanyfont/5369Andrea-Bellarosa.woff]
[undangandigimo.com/wp-content/uploads/useanyfont/3559Brittney-Signature.woff2]
[undangandigimo.com/wp-content/uploads/useanyfont/3559Brittney-Signature.woff]
[undangandigimo.com/wp-content/uploads/useanyfont/3237Amsterdam.woff2]
[undangandigimo.com/wp-content/uploads/useanyfont/3237Amsterdam.woff]
[undangandigimo.com/wp-content/uploads/useanyfont/6415Freestyle-Script.woff2]
[undangandigimo.com/wp-content/uploads/useanyfont/6415Freestyle-Script.woff]
[undangandigimo.com/wp-content/uploads/useanyfont/4737Back-to-Black-Demo.woff2]
[undangandigimo.com/wp-content/uploads/useanyfont/4737Back-to-Black-Demo.woff]
[undangandigimo.com/wp-content/uploads/useanyfont/4286golden-dream.woff2]
[undangandigimo.com/wp-content/uploads/useanyfont/4286golden-dream.woff]
[undangandigimo.com/wp-content/uploads/useanyfont/2270sacramento.woff2]
[undangandigimo.com/wp-content/uploads/useanyfont/2270sacramento.woff]
[undangandigimo.com/wp-content/uploads/useanyfont/154glaston.woff2]
[undangandigimo.com/wp-content/uploads/useanyfont/154glaston.woff]
[undangandigimo.com/wp-content/uploads/useanyfont/8900Candara.woff2]
[undangandigimo.com/wp-content/uploads/useanyfont/8900Candara.woff]
[undangandigimo.com/wp-content/uploads/useanyfont/8901Chaparral-Pro-Light.woff2]
[undangandigimo.com/wp-content/uploads/useanyfont/8901Chaparral-Pro-Light.woff]
[undangandigimo.com/wp-content/uploads/useanyfont/9561Amotim.woff2]
[undangandigimo.com/wp-content/uploads/useanyfont/9561Amotim.woff]
[undangandigimo.com/wp-content/uploads/useanyfont/6963Fabfelt-Script-Bold.woff2]
[undangandigimo.com/wp-content/uploads/useanyfont/6963Fabfelt-Script-Bold.woff]
[undangandigimo.com/wp-content/uploads/useanyfont/3695Better-Grade.woff2]
[undangandigimo.com/wp-content/uploads/useanyfont/3695Better-Grade.woff]
[undangandigimo.com/wp-content/uploads/useanyfont/8517Monotype-Corsiva.woff2]
[undangandigimo.com/wp-content/uploads/useanyfont/8517Monotype-Corsiva.woff]
[undangandigimo.com/wp-content/uploads/useanyfont/3519Chancery-Cursive.woff2]
[undangandigimo.com/wp-content/uploads/useanyfont/3519Chancery-Cursive.woff]
[undangandigimo.com/wp-content/uploads/useanyfont/1897EngraversGothic-BT.woff2]
[undangandigimo.com/wp-content/uploads/useanyfont/1897EngraversGothic-BT.woff]
[undangandigimo.com/wp-content/uploads/useanyfont/3709Smile-of-the-ocean.woff2]
[undangandigimo.com/wp-content/uploads/useanyfont/3709Smile-of-the-ocean.woff]
[undangandigimo.com/wp-content/uploads/useanyfont/8914edwardian-script.woff2]
[undangandigimo.com/wp-content/uploads/useanyfont/8914edwardian-script.woff]
[undangandigimo.com/wp-content/uploads/useanyfont/8977Barcelony.woff2]
[undangandigimo.com/wp-content/uploads/useanyfont/8977Barcelony.woff]
[undangandigimo.com/wp-content/uploads/useanyfont/uaf5efb.css]
[undangandigimo.com/wp-content/plugins/weddingpress/addons/comment-kit/css/fonts/wdpfont7137.eot]
[undangandigimo.com/wp-content/plugins/weddingpress/addons/comment-kit/css/fonts/wdpfont7137.ttf]
[undangandigimo.com/wp-content/plugins/weddingpress/addons/comment-kit/css/fonts/wdpfont7137.woff]
[undangandigimo.com/wp-content/plugins/weddingpress/addons/comment-kit/css/fonts/wdpfont7137.svg]
[undangandigimo.com/wp-content/plugins/weddingpress/addons/comment-kit/css/images/modal_x.png]
[undangandigimo.com/wp-content/plugins/weddingpress/addons/comment-kit/css/wdp_styled537.css]
[undangandigimo.com/wp-content/plugins/weddingpress/assets/css/wdp-centered-timeline.min74e5.css]
[undangandigimo.com/wp-content/plugins/weddingpress/assets/css/wdp-horizontal-styles.min74e5.css]
[undangandigimo.com/wp-content/plugins/weddingpress/assets/css/wdp-fontello74e5.css]
[undangandigimo.com/wp-content/plugins/weddingpress/assets/css/exad-styles.min74e5.css]
[undangandigimo.com/wp-content/themes/hello-elementor/style.min254d.css]
[undangandigimo.com/wp-content/themes/hello-elementor/theme.min254d.css]
[undangandigimo.com/wp-content/plugins/elementor/assets/lib/eicons/css/elementor-icons.min7816.css]
[undangandigimo.com/wp-content/plugins/elementor/assets/css/frontend.min1ed5.css]
[undangandigimo.com/wp-content/uploads/elementor/css/post-565191fe2.css]
[undangandigimo.com/wp-content/plugins/powerpack-elements/assets/css/min/frontend.minc0b8.css]
[undangandigimo.com/wp-content/plugins/weddingpress/assets/css/wdp292d.css]
[undangandigimo.com/wp-content/plugins/dynamic-content-for-elementor/assets/css/style.min333a.css]
[undangandigimo.com/wp-includes/css/dashicons.min74e5.css]
[undangandigimo.com/wp-content/plugins/elementor-pro/assets/css/frontend.minf43b.css]
[undangandigimo.com/wp-content/plugins/jet-tabs/assets/css/jet-tabs-frontendb0a8.css]
[undangandigimo.com/wp-content/uploads/2021/08/Z-scaled.jpg]
[undangandigimo.com/wp-content/uploads/2021/08/Z3-scaled.jpg]
[undangandigimo.com/wp-content/uploads/2021/08/Picture1-min.jpg]
[undangandigimo.com/wp-content/uploads/2021/08/Z-min-scaled.jpg]
[undangandigimo.com/wp-content/uploads/elementor/css/post-567946a1e.css]
[undangandigimo.com/wp-content/plugins/elementor/assets/lib/font-awesome/css/fontawesome.min52d5.css]
[undangandigimo.com/wp-content/plugins/elementor/assets/lib/font-awesome/css/regular.min52d5.css]
[undangandigimo.com/wp-content/plugins/elementor/assets/lib/font-awesome/css/solid.min52d5.css]
[undangandigimo.com/wp-content/plugins/elementor/assets/lib/font-awesome/css/brands.min52d5.css]
[undangandigimo.com/katalog-tema-z/indexa995.html]
[undangandigimo.com/wp-content/plugins/elementor/assets/lib/animations/animations.min1ed5.css]
[undangandigimo.com/wp-content/plugins/weddingpress/addons/comment-kit/css/fonts/wdpfont7137.svg]
